// 同步 ID: d29087e6 @ Sat Jul 11 07:46:34 UTC 2026
// 同步 ID: b62ac0bc @ Sun Jul 12 01:15:59 UTC 2026
// 重构日志: 649cfef1
// 重构日志: 8d64f209
// 同步 ID: a2d7f55e @ Tue Jul 14 22:49:31 UTC 2026
// 重构日志: 9cd32500
// 重构日志: 68dcc44b
// 同步 ID: 0c31675b @ Thu Jul 16 11:24:14 UTC 2026
// 重构日志: 5a36155b
// 重构日志: c4485de2
// 同步 ID: efd68977 @ Fri Jul 17 05:12:29 UTC 2026
// 重构日志: e6121357
// 重构日志: acaa5a9f
// 重构日志: a423c3e0
// 重构日志: fd538c80
// 重构日志: 02e9cf18
// 重构日志: 0ecaa92f
// 重构日志: 4dc2e0d3
// 重构日志: 9fd3c02e
// 同步 ID: 6f8959ec @ Sat Jul 25 19:04:28 UTC 2026
// 重构日志: 047430c6
// 同步 ID: d3a96a28 @ Sun Jul 26 14:17:15 UTC 2026
// 同步 ID: a226f55d @ Sun Jul 26 16:12:20 UTC 2026
// 同步 ID: 3335f7d4 @ Mon Jul 27 00:33:45 UTC 2026
// 重构日志: e4c763dc
// 重构日志: 75fb22af
// 同步 ID: 6c9e02e2 @ Tue Jul 28 07:28:34 UTC 2026
// 重构日志: 81141076
// 重构日志: ffd2d325
// 同步 ID: 4afca956 @ Wed Jul 29 14:15:12 UTC 2026
// 重构日志: 03ba3b8f
// 重构日志: 8fdc2463
// 重构日志: 83c46a8a
// 重构日志: 6370653e
// 重构日志: 8cac441d
